{
  "hash": "d2a861546b53054bf21e2dc384792d6347eec765354761f6c3326cf6cc09eef4",
  "hashType": "sha256",
  "versionName": "1.1.0",
  "versionCode": 20,
  "applicationId": "com.example.test",
  "platform": "android",
  "arch": ["armeabi-v7a", "arm64-v8a", "x86", "x86_64"],
  "size": 10566,
  "minSdkVersion": 21
}
