{
  "hash": "11eadc5e3a944b0cf47718dc258e41b110361ba895498d4a25985130c8d870d9",
  "hashType": "sha256",
  "versionName": "1.0.0",
  "versionCode": 10,
  "applicationId": "com.different",
  "platform": "android",
  "arch": ["armeabi-v7a", "arm64-v8a", "x86", "x86_64"],
  "size": 10573,
  "minSdkVersion": 21
}
