{
  "hash": "61c2680124cbe5a03fbfd0da5d669d37fd77b0db97ec39835bbe47b030d4c657",
  "hashType": "sha256",
  "versionName": "1.0.0",
  "versionCode": 10,
  "applicationId": "com.example.test",
  "platform": "android",
  "arch": ["armeabi-v7a", "arm64-v8a", "x86", "x86_64"],
  "size": 10567,
  "minSdkVersion": 21
}
