{
  "hash": "d871e5df79e5950a22ed302596565713ef98a462f873a4211eef31ede184211d",
  "hashType": "sha256",
  "versionName": "1.0.0",
  "versionCode": 2,
  "applicationId": "com.example.test",
  "platform": "android",
  "arch": ["armeabi-v7a", "arm64-v8a", "x86", "x86_64"],
  "size": 2098859,
  "minSdkVersion": 21
}
