{
  "hash": "337d036a6edaf1b8ac6214a72e44233a8c9f71caaadd2eb3d3beeff9ba8cea99",
  "hashType": "sha256",
  "versionName": "1.0.0",
  "versionCode": 1,
  "applicationId": "com.different",
  "platform": "android",
  "arch": ["armeabi-v7a", "arm64-v8a", "x86", "x86_64"],
  "size": 2098814,
  "minSdkVersion": 21
}
