{
  "hash": "c28f52f493e8ec89504b363d1ad971634ec13debf33b006035b1c71ad017a68f",
  "hashType": "sha256",
  "versionName": "1.0.0",
  "versionCode": 10,
  "applicationId": "com.example.test",
  "platform": "android",
  "arch": ["arm64-v8a"],
  "size": 81188,
  "minSdkVersion": 21
}
