{
  "hash": "0f5e1f6b4fad4c30822d0e456dbb98e74771e09a4ae46faff9575b91d92d21c5",
  "hashType": "sha256",
  "versionName": "1.0.0",
  "versionCode": 11,
  "applicationId": "com.example.test",
  "platform": "android",
  "arch": ["armeabi-v7a", "arm64-v8a", "x86", "x86_64"],
  "size": 10566,
  "minSdkVersion": 21
}
