{
  "hash": "6d35862e850edefc1368ac820d04c098218704151591bcb24ff4a59974f268f8",
  "hashType": "sha256",
  "versionName": "1.0.0",
  "versionCode": 10,
  "applicationId": "com.example.test",
  "platform": "android",
  "arch": ["armeabi-v7a", "arm64-v8a"],
  "size": 128806,
  "minSdkVersion": 21
}
