{
  "hash": "05339bd31a71e3df1f6edf5c4c0659c19c52b51749f3b50c78cdd0fe3c57ac7d",
  "hashType": "sha256",
  "versionName": "1.0.0",
  "versionCode": 1,
  "applicationId": "com.example.test",
  "platform": "android",
  "arch": ["armeabi-v7a", "arm64-v8a", "x86", "x86_64"],
  "size": 2098861,
  "minSdkVersion": 21
}
