{
  "hash": "59af75878cf3dbb6fe98418c81c2438c663709acf4a34e4fb5b68d88069c3d3e",
  "hashType": "sha256",
  "versionName": "1.0.0",
  "versionCode": 1,
  "applicationId": "com.example.test",
  "platform": "android",
  "arch": ["armeabi-v7a", "arm64-v8a"],
  "size": 2469846,
  "minSdkVersion": 21
}
