{
  "hash": "25da06d8298774c49a6ab10f2a45c332754eb886297fc5f76471cf44fdf460aa",
  "hashType": "sha256",
  "versionName": "1.1.0",
  "versionCode": 1,
  "applicationId": "com.example.test",
  "platform": "android",
  "arch": ["armeabi-v7a", "arm64-v8a", "x86", "x86_64"],
  "size": 2074287,
  "minSdkVersion": 25
}
