{
  "hash": "b5394c25d87b3bba358a7e082faa8576d027eaa7e7d7a67cb735a453b791cfae",
  "hashType": "sha256",
  "versionName": "1.0.0",
  "versionCode": 1,
  "applicationId": "com.example.test",
  "platform": "android",
  "arch": ["arm64-v8a"],
  "size": 2422248,
  "minSdkVersion": 21
}
