{
  "hash": "b21b8bc76d2b00178e5356c87190ffd42df42c5f870539639ea55f3af7731e89",
  "hashType": "sha256",
  "versionName": "1.1.0",
  "versionCode": 20,
  "applicationId": "com.example.test",
  "platform": "android",
  "arch": ["armeabi-v7a", "arm64-v8a", "x86", "x86_64"],
  "size": 10597,
  "minSdkVersion": 25
}
