// Jest Snapshot v1, https://goo.gl/fbAQLP

exports[`ObservationHeader tests snapshot with showSyncTip as false 1`] = `
<View
  style={
    Object {
      "flexDirection": "column",
    }
  }
>
  <View
    style={
      Object {
        "alignItems": "center",
        "backgroundColor": "white",
        "flexDirection": "row",
        "height": 65,
        "justifyContent": "space-between",
        "paddingHorizontal": 15,
      }
    }
  >
    <View
      accessible={true}
      isTVSelectable={true}
      onResponderGrant={[Function]}
      onResponderMove={[Function]}
      onResponderRelease={[Function]}
      onResponderTerminate={[Function]}
      onResponderTerminationRequest={[Function]}
      onStartShouldSetResponder={[Function]}
      style={
        Object {
          "backgroundColor": "transparent",
          "opacity": 1,
        }
      }
    >
      <Text
        accessible={true}
        allowFontScaling={false}
        ellipsizeMode="tail"
        style={
          Array [
            Object {
              "color": "#a5a5a4",
              "fontSize": 30,
            },
            undefined,
            Object {
              "fontFamily": "Feather",
              "fontStyle": "normal",
              "fontWeight": "normal",
            },
          ]
        }
      >
        
      </Text>
    </View>
    <View
      style={
        Object {
          "flexDirection": "column",
        }
      }
    >
      <View
        accessible={true}
        isTVSelectable={true}
        onResponderGrant={[Function]}
        onResponderMove={[Function]}
        onResponderRelease={[Function]}
        onResponderTerminate={[Function]}
        onResponderTerminationRequest={[Function]}
        onStartShouldSetResponder={[Function]}
        style={
          Object {
            "alignItems": "center",
            "backgroundColor": "#ed6109",
            "borderRadius": 50,
            "height": 35,
            "justifyContent": "center",
            "opacity": 1,
            "width": 35,
          }
        }
      >
        <View
          style={
            Object {
              "alignItems": "center",
              "alignSelf": "center",
              "backgroundColor": "#ff9933",
              "borderRadius": 50,
              "height": 30,
              "justifyContent": "center",
              "width": 30,
            }
          }
        >
          <Text
            accessible={true}
            allowFontScaling={false}
            ellipsizeMode="tail"
            style={
              Array [
                Object {
                  "color": "#ffffff",
                  "fontSize": 20,
                },
                Object {
                  "transform": Array [
                    Object {
                      "rotate": "15deg",
                    },
                  ],
                },
                Object {
                  "fontFamily": "FontAwesome",
                  "fontStyle": "normal",
                  "fontWeight": "normal",
                },
              ]
            }
          >
            
          </Text>
        </View>
      </View>
    </View>
    <View
      accessible={true}
      isTVSelectable={true}
      onResponderGrant={[Function]}
      onResponderMove={[Function]}
      onResponderRelease={[Function]}
      onResponderTerminate={[Function]}
      onResponderTerminationRequest={[Function]}
      onStartShouldSetResponder={[Function]}
      style={
        Object {
          "opacity": 1,
        }
      }
    >
      <Text
        accessible={true}
        allowFontScaling={false}
        ellipsizeMode="tail"
        style={
          Array [
            Object {
              "color": "#a5a5a4",
              "fontSize": 30,
            },
            undefined,
            Object {
              "fontFamily": "Material Icons",
              "fontStyle": "normal",
              "fontWeight": "normal",
            },
          ]
        }
      >
        
      </Text>
    </View>
  </View>
  <View
    style={
      Object {
        "backgroundColor": "#f7f7f7",
        "borderBottomWidth": 1,
        "borderColor": "#EAEAEA",
        "borderTopWidth": 1,
        "flexDirection": "row",
        "justifyContent": "space-between",
        "paddingHorizontal": 10,
        "paddingVertical": 10,
      }
    }
  >
    <Text
      accessible={true}
      allowFontScaling={true}
      ellipsizeMode="tail"
      style={
        Object {
          "color": "black",
          "fontSize": 12,
          "fontWeight": "700",
        }
      }
    >
      All Observations
    </Text>
    <Text
      accessible={true}
      allowFontScaling={true}
      ellipsizeMode="tail"
      style={
        Object {
          "fontSize": 12,
        }
      }
    >
      View by Most Recent
    </Text>
  </View>
</View>
`;

exports[`ObservationHeader tests snapshot with showSyncTip as true 1`] = `
<View
  style={
    Object {
      "flexDirection": "column",
    }
  }
>
  <View
    style={
      Object {
        "alignItems": "center",
        "backgroundColor": "white",
        "flexDirection": "row",
        "height": 65,
        "justifyContent": "space-between",
        "paddingHorizontal": 15,
      }
    }
  >
    <View
      accessible={true}
      isTVSelectable={true}
      onResponderGrant={[Function]}
      onResponderMove={[Function]}
      onResponderRelease={[Function]}
      onResponderTerminate={[Function]}
      onResponderTerminationRequest={[Function]}
      onStartShouldSetResponder={[Function]}
      style={
        Object {
          "backgroundColor": "transparent",
          "opacity": 1,
        }
      }
    >
      <Text
        accessible={true}
        allowFontScaling={false}
        ellipsizeMode="tail"
        style={
          Array [
            Object {
              "color": "#a5a5a4",
              "fontSize": 30,
            },
            undefined,
            Object {
              "fontFamily": "Feather",
              "fontStyle": "normal",
              "fontWeight": "normal",
            },
          ]
        }
      >
        
      </Text>
    </View>
    <View
      style={
        Object {
          "flexDirection": "column",
        }
      }
    >
      <View
        accessible={true}
        isTVSelectable={true}
        onResponderGrant={[Function]}
        onResponderMove={[Function]}
        onResponderRelease={[Function]}
        onResponderTerminate={[Function]}
        onResponderTerminationRequest={[Function]}
        onStartShouldSetResponder={[Function]}
        style={
          Object {
            "alignItems": "center",
            "backgroundColor": "#ed6109",
            "borderRadius": 50,
            "height": 35,
            "justifyContent": "center",
            "opacity": 1,
            "width": 35,
          }
        }
      >
        <View
          style={
            Object {
              "alignItems": "center",
              "alignSelf": "center",
              "backgroundColor": "#ff9933",
              "borderRadius": 50,
              "height": 30,
              "justifyContent": "center",
              "width": 30,
            }
          }
        >
          <Text
            accessible={true}
            allowFontScaling={false}
            ellipsizeMode="tail"
            style={
              Array [
                Object {
                  "color": "#ffffff",
                  "fontSize": 20,
                },
                Object {
                  "transform": Array [
                    Object {
                      "rotate": "15deg",
                    },
                  ],
                },
                Object {
                  "fontFamily": "FontAwesome",
                  "fontStyle": "normal",
                  "fontWeight": "normal",
                },
              ]
            }
          >
            
          </Text>
        </View>
      </View>
    </View>
    <View
      accessible={true}
      isTVSelectable={true}
      onResponderGrant={[Function]}
      onResponderMove={[Function]}
      onResponderRelease={[Function]}
      onResponderTerminate={[Function]}
      onResponderTerminationRequest={[Function]}
      onStartShouldSetResponder={[Function]}
      style={
        Object {
          "opacity": 1,
        }
      }
    >
      <Text
        accessible={true}
        allowFontScaling={false}
        ellipsizeMode="tail"
        style={
          Array [
            Object {
              "color": "#a5a5a4",
              "fontSize": 30,
            },
            undefined,
            Object {
              "fontFamily": "Material Icons",
              "fontStyle": "normal",
              "fontWeight": "normal",
            },
          ]
        }
      >
        
      </Text>
    </View>
  </View>
  <View
    style={
      Object {
        "backgroundColor": "#f7f7f7",
        "borderBottomWidth": 1,
        "borderColor": "#EAEAEA",
        "borderTopWidth": 1,
        "flexDirection": "row",
        "justifyContent": "space-between",
        "paddingHorizontal": 10,
        "paddingVertical": 10,
      }
    }
  >
    <Text
      accessible={true}
      allowFontScaling={true}
      ellipsizeMode="tail"
      style={
        Object {
          "color": "black",
          "fontSize": 12,
          "fontWeight": "700",
        }
      }
    >
      All Observations
    </Text>
    <Text
      accessible={true}
      allowFontScaling={true}
      ellipsizeMode="tail"
      style={
        Object {
          "fontSize": 12,
        }
      }
    >
      View by Most Recent
    </Text>
  </View>
</View>
`;
