// Jest Snapshot v1, https://goo.gl/fbAQLP

exports[`DeviceCell tests snapshot 1`] = `
<View
  accessible={true}
  isTVSelectable={true}
  onResponderGrant={[Function]}
  onResponderMove={[Function]}
  onResponderRelease={[Function]}
  onResponderTerminate={[Function]}
  onResponderTerminationRequest={[Function]}
  onStartShouldSetResponder={[Function]}
  style={
    Object {
      "opacity": 1,
    }
  }
>
  <View
    style={
      Array [
        Object {
          "alignItems": "center",
          "borderBottomColor": "#2752d1",
          "borderBottomWidth": 1,
          "flexDirection": "row",
          "height": 80,
          "justifyContent": "flex-start",
          "paddingHorizontal": 20,
          "width": 750,
        },
        Object {
          "backgroundColor": "#3366ff",
        },
      ]
    }
  >
    <View
      style={
        Object {
          "alignItems": "flex-start",
          "flexDirection": "column",
          "justifyContent": "center",
        }
      }
    >
      <Text
        accessible={true}
        allowFontScaling={true}
        ellipsizeMode="tail"
        style={
          Object {
            "color": "white",
            "fontSize": 18,
            "fontWeight": "700",
          }
        }
      >
        deviceName
      </Text>
      <Text
        accessible={true}
        allowFontScaling={true}
        ellipsizeMode="tail"
        style={
          Object {
            "color": "white",
            "fontSize": 12,
            "fontWeight": "400",
          }
        }
      >
        via WiFi
      </Text>
    </View>
    <View
      style={
        Object {
          "alignItems": "center",
          "backgroundColor": "transparent",
          "justifyContent": "center",
          "position": "absolute",
          "right": 20,
        }
      }
    >
      <View
        style={
          Object {
            "alignItems": "center",
            "backgroundColor": "#ed6109",
            "borderRadius": 50,
            "height": 30,
            "justifyContent": "center",
            "width": 30,
          }
        }
      >
        <View
          style={
            Object {
              "backgroundColor": "#ff9933",
              "borderRadius": 50,
              "height": 25,
              "width": 25,
            }
          }
        >
          <Text
            accessible={true}
            allowFontScaling={false}
            ellipsizeMode="tail"
            style={
              Array [
                Object {
                  "color": "white",
                  "fontSize": 23,
                },
                Object {
                  "alignSelf": "center",
                  "justifyContent": "center",
                },
                Object {
                  "fontFamily": "Material Icons",
                  "fontStyle": "normal",
                  "fontWeight": "normal",
                },
              ]
            }
          >
            î—ˆ
          </Text>
        </View>
      </View>
    </View>
  </View>
</View>
`;
