// Jest Snapshot v1, https://goo.gl/fbAQLP

exports[`SyncHeader tests snapshot with available devices 1`] = `
<View
  style={
    Object {
      "flexDirection": "column",
    }
  }
>
  <View
    style={
      Object {
        "alignItems": "center",
        "backgroundColor": "#3366ff",
        "flexDirection": "row",
        "height": 65,
        "justifyContent": "center",
        "paddingHorizontal": 15,
      }
    }
  >
    <View
      accessible={true}
      isTVSelectable={true}
      onResponderGrant={[Function]}
      onResponderMove={[Function]}
      onResponderRelease={[Function]}
      onResponderTerminate={[Function]}
      onResponderTerminationRequest={[Function]}
      onStartShouldSetResponder={[Function]}
      style={
        Object {
          "backgroundColor": "transparent",
          "left": 15,
          "opacity": 1,
          "position": "absolute",
        }
      }
    >
      <Text
        accessible={true}
        allowFontScaling={false}
        ellipsizeMode="tail"
        style={
          Array [
            Object {
              "color": "#ffffff",
              "fontSize": 30,
            },
            undefined,
            Object {
              "fontFamily": "Material Design Icons",
              "fontStyle": "normal",
              "fontWeight": "normal",
            },
          ]
        }
      >
        
      </Text>
    </View>
    <View
      style={
        Object {
          "flexDirection": "column",
        }
      }
    >
      <Text
        accessible={true}
        allowFontScaling={true}
        ellipsizeMode="tail"
        style={
          Object {
            "alignSelf": "flex-start",
            "color": "#ffffff",
            "fontSize": 18,
            "fontWeight": "700",
          }
        }
      >
        Sync
      </Text>
    </View>
  </View>
  <View
    style={
      Array [
        Object {
          "backgroundColor": "#17317c",
          "flexDirection": "row",
          "justifyContent": "space-between",
          "paddingHorizontal": 10,
          "paddingVertical": 10,
        },
        null,
      ]
    }
  >
    <Text
      accessible={true}
      allowFontScaling={true}
      ellipsizeMode="tail"
      style={
        Object {
          "color": "#ffffff",
          "fontSize": 12,
          "fontWeight": "700",
        }
      }
    >
      Available Devices
    </Text>
  </View>
</View>
`;

exports[`SyncHeader tests snapshot with device selected 1`] = `
<View
  style={
    Object {
      "flexDirection": "column",
    }
  }
>
  <View
    style={
      Object {
        "alignItems": "center",
        "backgroundColor": "#3366ff",
        "flexDirection": "row",
        "height": 65,
        "justifyContent": "center",
        "paddingHorizontal": 15,
      }
    }
  >
    <View
      accessible={true}
      isTVSelectable={true}
      onResponderGrant={[Function]}
      onResponderMove={[Function]}
      onResponderRelease={[Function]}
      onResponderTerminate={[Function]}
      onResponderTerminationRequest={[Function]}
      onStartShouldSetResponder={[Function]}
      style={
        Object {
          "backgroundColor": "transparent",
          "left": 15,
          "opacity": 1,
          "position": "absolute",
        }
      }
    >
      <Text
        accessible={true}
        allowFontScaling={false}
        ellipsizeMode="tail"
        style={
          Array [
            Object {
              "color": "#ffffff",
              "fontSize": 30,
            },
            undefined,
            Object {
              "fontFamily": "Material Design Icons",
              "fontStyle": "normal",
              "fontWeight": "normal",
            },
          ]
        }
      >
        
      </Text>
    </View>
    <View
      style={
        Object {
          "flexDirection": "column",
        }
      }
    >
      <Text
        accessible={true}
        allowFontScaling={true}
        ellipsizeMode="tail"
        style={
          Object {
            "alignSelf": "flex-start",
            "color": "#ffffff",
            "fontSize": 18,
            "fontWeight": "700",
          }
        }
      >
        Sync
      </Text>
    </View>
  </View>
  <View
    style={
      Array [
        Object {
          "backgroundColor": "#17317c",
          "flexDirection": "row",
          "justifyContent": "space-between",
          "paddingHorizontal": 10,
          "paddingVertical": 10,
        },
        null,
      ]
    }
  >
    <Text
      accessible={true}
      allowFontScaling={true}
      ellipsizeMode="tail"
      style={
        Object {
          "color": "#ffffff",
          "fontSize": 12,
          "fontWeight": "700",
        }
      }
    >
      Device Selected
    </Text>
  </View>
</View>
`;
