// Jest Snapshot v1, https://goo.gl/fbAQLP

exports[`SavedModal tests snapshots 1`] = `
<Modal
  animation="slide"
  hardwareAccelerated={false}
  onRequestClose={[Function]}
  transparent={true}
  visible={true}
>
  <View
    style={
      Object {
        "alignItems": "center",
        "backgroundColor": "rgba(52, 52, 52, 0.8)",
        "flex": 1,
        "justifyContent": "center",
      }
    }
  >
    <View
      style={
        Object {
          "alignItems": "center",
          "alignSelf": "center",
          "backgroundColor": "white",
          "borderRadius": 20,
          "height": 667,
          "width": 600,
        }
      }
    >
      <View
        style={
          Object {
            "alignSelf": "stretch",
            "borderBottomWidth": 1,
            "borderColor": "#EAEAEA",
            "flex": 1,
            "justifyContent": "center",
          }
        }
      >
        <Text
          accessible={true}
          allowFontScaling={true}
          ellipsizeMode="tail"
          style={
            Object {
              "color": "black",
              "fontSize": 20,
              "fontWeight": "700",
              "textAlign": "center",
            }
          }
        >
          Saved!
        </Text>
      </View>
      <View
        style={
          Object {
            "alignItems": "center",
            "alignSelf": "stretch",
            "backgroundColor": "#ccffff",
            "borderBottomLeftRadius": 20,
            "borderBottomRightRadius": 20,
            "flex": 3,
          }
        }
      >
        <View
          style={
            Object {
              "alignItems": "center",
              "height": 90,
              "justifyContent": "center",
              "marginTop": 15,
              "width": 80,
            }
          }
        >
          <Image
            source={
              Object {
                "testUri": "../../../src/images/category-pin.png",
              }
            }
            style={
              Array [
                Object {
                  "bottom": 0,
                  "left": 0,
                  "position": "absolute",
                  "right": 0,
                  "top": 0,
                },
                Object {
                  "height": 90,
                  "width": 80,
                },
                undefined,
              ]
            }
          />
          <View
            style={
              Object {
                "marginTop": -10,
              }
            }
          >
            <View
              pointerEvents="none"
              style={
                Array [
                  Object {
                    "height": 30,
                    "width": 30,
                  },
                  undefined,
                ]
              }
            >
              <View
                style={
                  Object {
                    "flex": 1,
                  }
                }
              >
                <RCTWebView
                  allowsInlineMediaPlayback={undefined}
                  automaticallyAdjustContentInsets={undefined}
                  bounces={undefined}
                  contentInset={undefined}
                  dataDetectorTypes={undefined}
                  decelerationRate={undefined}
                  injectedJavaScript={undefined}
                  mediaPlaybackRequiresUserAction={undefined}
                  messagingEnabled={false}
                  onLoadingError={[Function]}
                  onLoadingFinish={[Function]}
                  onLoadingStart={[Function]}
                  onMessage={[Function]}
                  onShouldStartLoadWithRequest={undefined}
                  scalesPageToFit={true}
                  scrollEnabled={false}
                  source={
                    Object {
                      "html": "<html><head><style>html, body { margin:0; padding:0; overflow:hidden; background-color: transparent; } svg { position:fixed; top:0; left:0; height:100%; width:100% }</style></head><body>n</body></html>",
                    }
                  }
                  style={
                    Array [
                      Object {
                        "flex": 1,
                      },
                      Object {
                        "backgroundColor": "#ffffff",
                      },
                      Array [
                        Object {
                          "backgroundColor": "transparent",
                          "height": 100,
                          "width": 200,
                        },
                        Object {
                          "height": 30,
                          "width": 30,
                        },
                      ],
                    ]
                  }
                />
              </View>
            </View>
          </View>
        </View>
        <View
          style={
            Object {
              "alignItems": "center",
              "justifyContent": "center",
              "paddingBottom": 10,
            }
          }
        >
          <Text
            accessible={true}
            allowFontScaling={true}
            ellipsizeMode="tail"
            style={
              Object {
                "color": "black",
                "fontSize": 20,
                "fontWeight": "700",
                "textAlign": "center",
              }
            }
          >
            19
          </Text>
          <View
            style={
              Object {
                "flexDirection": "row",
              }
            }
          >
            <Text
              accessible={true}
              allowFontScaling={true}
              ellipsizeMode="tail"
              style={
                Object {
                  "color": "black",
                  "fontSize": 12,
                  "fontWeight": "400",
                }
              }
            >
              at
               
            </Text>
            <Text
              accessible={true}
              allowFontScaling={true}
              ellipsizeMode="tail"
              style={
                Object {
                  "color": "black",
                  "fontSize": 12,
                  "fontWeight": "700",
                }
              }
            >
              50.5, 50.5.
            </Text>
          </View>
          <Text
            accessible={true}
            allowFontScaling={true}
            ellipsizeMode="tail"
            style={
              Object {
                "color": "#666666",
                "fontSize": 12,
                "fontWeight": "400",
              }
            }
          >
            on
             
            February 25 2018, 12:12 PM
          </Text>
        </View>
      </View>
    </View>
  </View>
</Modal>
`;
