// Jest Snapshot v1, https://goo.gl/fbAQLP

exports[`MapView tests snapshots 1`] = `
ShallowWrapper {
  "length": 1,
  Symbol(enzyme.__root__): [Circular],
  Symbol(enzyme.__unrendered__): <withNavigation(withNavigationFocus(Map))
    createObservation={[MockFunction]}
    listObservations={[MockFunction]}
    listStyles={[MockFunction]}
    navigation={
      Object {
        "addListener": [Function],
        "isFocused": [Function],
      }
    }
    observations={Object {}}
    selectObservation={[MockFunction]}
    selectedObservation={
      Object {
        "attachments": Array [],
        "categoryId": 19,
        "created": 2018-02-25T20:23:00.000Z,
        "fields": Array [
          Object {
            "answer": "",
            "answered": false,
            "id": "0",
            "name": "fieldName",
            "placeholder": "this is some placeholder text",
            "type": "text",
          },
        ],
        "icon": Object {
          "testUri": "../../../src/images/categories/category_18.png",
        },
        "id": 1,
        "lat": 50.5,
        "link": "linkID",
        "lon": 50.5,
        "name": "Oil Spill",
        "notes": "This is pretty bad. It smells pretty noxious, and the entire pond is affected.",
        "observedBy": "You",
        "type": "Observation",
      }
    }
    updateObservation={[MockFunction]}
    updateObservationSource={[MockFunction]}
  />,
  Symbol(enzyme.__renderer__): Object {
    "batchedUpdates": [Function],
    "getNode": [Function],
    "render": [Function],
    "simulateEvent": [Function],
    "unmount": [Function],
  },
  Symbol(enzyme.__node__): Object {
    "instance": null,
    "key": undefined,
    "nodeType": "function",
    "props": Object {
      "children": [Function],
    },
    "ref": null,
    "rendered": [Function],
    "type": Object {
      "$$typeof": Symbol(react.context),
      "Consumer": [Circular],
      "Provider": Object {
        "$$typeof": Symbol(react.provider),
        "_context": [Circular],
      },
      "_calculateChangedBits": null,
      "_changedBits": 0,
      "_changedBits2": 0,
      "_currentRenderer": null,
      "_currentRenderer2": null,
      "_currentValue": undefined,
      "_currentValue2": undefined,
      "_defaultValue": undefined,
    },
  },
  Symbol(enzyme.__nodes__): Array [
    Object {
      "instance": null,
      "key": undefined,
      "nodeType": "function",
      "props": Object {
        "children": [Function],
      },
      "ref": null,
      "rendered": [Function],
      "type": Object {
        "$$typeof": Symbol(react.context),
        "Consumer": [Circular],
        "Provider": Object {
          "$$typeof": Symbol(react.provider),
          "_context": [Circular],
        },
        "_calculateChangedBits": null,
        "_changedBits": 0,
        "_changedBits2": 0,
        "_currentRenderer": null,
        "_currentRenderer2": null,
        "_currentValue": undefined,
        "_currentValue2": undefined,
        "_defaultValue": undefined,
      },
    },
  ],
  Symbol(enzyme.__options__): Object {
    "adapter": ReactSixteenAdapter {
      "options": Object {
        "enableComponentDidUpdateOnSetState": true,
      },
    },
  },
}
`;
