// Jest Snapshot v1, https://goo.gl/fbAQLP

exports[`Toast tests snapshots 1`] = `
<Modal
  animation="slide"
  hardwareAccelerated={false}
  onRequestClose={[MockFunction]}
  transparent={true}
  visible={true}
/>
`;
