// Jest Snapshot v1, https://goo.gl/fbAQLP

exports[`SyncedModal tests snapshots 1`] = `
<Modal
  animation="slide"
  hardwareAccelerated={false}
  onRequestClose={[Function]}
  transparent={true}
  visible={true}
>
  <View
    style={
      Object {
        "alignItems": "center",
        "backgroundColor": "rgba(52, 52, 52, 0.8)",
        "flex": 1,
        "justifyContent": "center",
      }
    }
  >
    <View
      style={
        Object {
          "alignItems": "center",
          "alignSelf": "center",
          "backgroundColor": "white",
          "borderRadius": 20,
          "height": 533.6,
          "padding": 10,
          "width": 600,
        }
      }
    >
      <View
        style={
          Object {
            "alignItems": "center",
            "borderBottomColor": "#EAEAEA",
            "borderBottomWidth": 1,
            "flex": 2,
            "justifyContent": "center",
            "marginHorizontal": 10,
            "paddingBottom": 10,
            "paddingHorizontal": 10,
            "paddingTop": 20,
          }
        }
      >
        <Text
          accessible={true}
          allowFontScaling={true}
          ellipsizeMode="tail"
          style={
            Object {
              "color": "black",
              "fontSize": 16,
              "fontWeight": "700",
              "textAlign": "center",
            }
          }
        >
          Sync Complete
        </Text>
        <Text
          accessible={true}
          allowFontScaling={true}
          ellipsizeMode="tail"
          style={
            Object {
              "color": "#666666",
              "fontSize": 16,
              "textAlign": "center",
            }
          }
        >
          New observations have been added
        </Text>
      </View>
      <View
        accessible={true}
        isTVSelectable={true}
        onResponderGrant={[Function]}
        onResponderMove={[Function]}
        onResponderRelease={[Function]}
        onResponderTerminate={[Function]}
        onResponderTerminationRequest={[Function]}
        onStartShouldSetResponder={[Function]}
        style={
          Object {
            "alignItems": "center",
            "alignSelf": "stretch",
            "backgroundColor": "#ff9933",
            "borderColor": "#ed6109",
            "borderRadius": 30,
            "borderWidth": 2,
            "flex": 1,
            "justifyContent": "center",
            "marginBottom": 7,
            "marginTop": 15,
            "opacity": 1,
            "paddingVertical": 5,
          }
        }
      >
        <Text
          accessible={true}
          allowFontScaling={true}
          ellipsizeMode="tail"
          style={
            Object {
              "color": "#ffffff",
              "fontSize": 16,
              "fontWeight": "700",
            }
          }
        >
          OK
        </Text>
      </View>
    </View>
  </View>
</Modal>
`;
